


ARM Macro Assembler    Page 1 


    1 00000000                 AREA             Example4, CODE, READWRITE
    2 00000000                 ENTRY
    3 00000000 E28F4018        ADR              r4, TheData ; r4 points to the 
                                                            data area
    4 00000004 E5941004        LDR              r1, [r4, #Q] ; load Q into r1
    5 00000008 E5942008        LDR              r2, [r4, #R] ; load R into r2
    6 0000000C E594300C        LDR              r3, [r4, #S] ; load S into r3
    7 00000010 E0810002        ADD              r0, r1, r2  ; add Q and R
    8 00000014 E0800003        ADD              r0, r0, r3  ; add S to the tota
                                                            l
    9 00000018 E5840000        STR              r0, [r4, #P] ; save the result 
                                                            in memory
   10 0000001C EAFFFFFE 
                       Stop    B                Stop
   11 00000020 00000000 
                       P       EQU              0           ; offset for P
   12 00000020 00000004 
                       Q       EQU              4           ; offset for Q
   13 00000020 00000008 
                       R       EQU              8           ; offset for R
   14 00000020 0000000C 
                       S       EQU              12          ; offset for S
   15 00000020                 AREA             Example4, CODE, READWRITE
   16 00000020 00 00 00 
              00       TheData SPACE            4           ; save one word of 
                                                            storage for P
   17 00000024 00000002        DCD              2           ; create variable Q
                                                             with initial value
                                                             2
   18 00000028 00000004        DCD              4           ; create variable R
                                                             with initial value
                                                             4
   19 0000002C 00000005        DCD              5           ; create variable S
                                                             with initial value
                                                             5
   20 00000030                 END
Command Line: --debug --xref --diag_suppress=9931 --bi --apcs=interwork --depen
d=.\objects\test_04.d -o.\objects\test_04.o -IC:\Keil_v5\ARM\RV31\INC -IC:\Keil
_v5\ARM\CMSIS\Include --predefine="__EVAL SETA 1" --predefine="__UVISION_VERSIO
N SETA 529" --list=.\listings\test_04.lst test_04.s



ARM Macro Assembler    Page 1 Alphabetic symbol ordering
Relocatable symbols

Example4 00000000

Symbol: Example4
   Definitions
      At line 1 in file test_04.s
   Uses
      None
Comment: Example4 unused
Stop 0000001C

Symbol: Stop
   Definitions
      At line 10 in file test_04.s
   Uses
      At line 10 in file test_04.s
Comment: Stop used once
TheData 00000020

Symbol: TheData
   Definitions
      At line 16 in file test_04.s
   Uses
      At line 3 in file test_04.s
Comment: TheData used once
3 symbols



ARM Macro Assembler    Page 1 Alphabetic symbol ordering
Absolute symbols

P 00000000

Symbol: P
   Definitions
      At line 11 in file test_04.s
   Uses
      At line 9 in file test_04.s
Comment: P used once
Q 00000004

Symbol: Q
   Definitions
      At line 12 in file test_04.s
   Uses
      At line 4 in file test_04.s
Comment: Q used once
R 00000008

Symbol: R
   Definitions
      At line 13 in file test_04.s
   Uses
      At line 5 in file test_04.s
Comment: R used once
S 0000000C

Symbol: S
   Definitions
      At line 14 in file test_04.s
   Uses
      At line 6 in file test_04.s
Comment: S used once
4 symbols
339 symbols in table
