


ARM Macro Assembler    Page 1 


    1 00000000                 AREA             a03_2, CODE, READONLY
    2 00000000 E3A00102        MOV              r0, #0x80000000
    3 00000004 E3A01102        MOV              r1, #0x80000000
    4 00000008 E0512000        SUBS             r2, r1, r0
    5 0000000C EAFFFFFE 
                       S       B                S
    6 00000010                 END
Command Line: --debug --xref --diag_suppress=9931 --bi --apcs=interwork --depen
d=.\objects\a03_2.d -o.\objects\a03_2.o -IC:\Keil_v5\ARM\RV31\INC -IC:\Keil_v5\
ARM\CMSIS\Include --predefine="__EVAL SETA 1" --predefine="__UVISION_VERSION SE
TA 529" --list=.\listings\a03_2.lst a03_2.s



ARM Macro Assembler    Page 1 Alphabetic symbol ordering
Relocatable symbols

S 0000000C

Symbol: S
   Definitions
      At line 5 in file a03_2.s
   Uses
      At line 5 in file a03_2.s
Comment: S used once
a03_2 00000000

Symbol: a03_2
   Definitions
      At line 1 in file a03_2.s
   Uses
      None
Comment: a03_2 unused
2 symbols
334 symbols in table
