


ARM Macro Assembler    Page 1 


    1 00000000                 AREA             Example3, CODE, READONLY
    2 00000000 E59F1018        LDR              r1, Q       ; load r1 with Q
    3 00000004 E59F2018        LDR              r2, R       ; load r2 with R
    4 00000008 E59F3018        LDR              r3, S       ; load r3 with S
    5 0000000C E0810002        ADD              r0, r1, r2  ; add Q to R
    6 00000010 E0800003        ADD              r0, r3      ; add in S
    7 00000014 E58F0004        STR              r0, Q       ; store result in Q
                                                            
    8 00000018 EAFFFFFE 
                       Stop    B                Stop
    9 0000001C                 AREA             Example3, CODE, READWRITE
   10 0000001C 00 00 00 
              00       P       SPACE            4           ; save one word of 
                                                            storage
   11 00000020 00000002 
                       Q       DCD              2           ; create variable Q
                                                             with initial value
                                                             2
   12 00000024 00000004 
                       R       DCD              4           ; create variable R
                                                             with initial value
                                                             4
   13 00000028 00000005 
                       S       DCD              5           ; create variable S
                                                             with initial value
                                                             5
   14 0000002C                 END
Command Line: --debug --xref --diag_suppress=9931 --bi --apcs=interwork --depen
d=.\objects\test_03.d -o.\objects\test_03.o -IC:\Keil_v5\ARM\RV31\INC -IC:\Keil
_v5\ARM\CMSIS\Include --predefine="__EVAL SETA 1" --predefine="__UVISION_VERSIO
N SETA 529" --list=.\listings\test_03.lst test_03.s



ARM Macro Assembler    Page 1 Alphabetic symbol ordering
Relocatable symbols

Example3 00000000

Symbol: Example3
   Definitions
      At line 1 in file test_03.s
   Uses
      None
Comment: Example3 unused
P 0000001C

Symbol: P
   Definitions
      At line 10 in file test_03.s
   Uses
      None
Comment: P unused
Q 00000020

Symbol: Q
   Definitions
      At line 11 in file test_03.s
   Uses
      At line 2 in file test_03.s
      At line 7 in file test_03.s

R 00000024

Symbol: R
   Definitions
      At line 12 in file test_03.s
   Uses
      At line 3 in file test_03.s
Comment: R used once
S 00000028

Symbol: S
   Definitions
      At line 13 in file test_03.s
   Uses
      At line 4 in file test_03.s
Comment: S used once
Stop 00000018

Symbol: Stop
   Definitions
      At line 8 in file test_03.s
   Uses
      At line 8 in file test_03.s
Comment: Stop used once
6 symbols
338 symbols in table
