


ARM Macro Assembler    Page 1 


    1 00000000                 AREA             test_00, CODE, READONLY
    2 00000000                 ENTRY
    3 00000000 E3A00004        MOV              r0, #0x4    ; load 4 into r0
    4 00000004 E3A01005        MOV              r1, #0x5    ; load 5 into r1
    5 00000008 E0802001        ADD              r2, r0, r1  ; add r0 to r1 and 
                                                            put the result in r
                                                            2
    6 0000000C EAFFFFFE 
                       S       B                S           ; force infinite lo
                                                            op by branching to 
                                                            this line
    7 00000010                 END                          ; end of program
Command Line: --debug --xref --diag_suppress=9931 --bi --apcs=interwork --depen
d=.\objects\test_00.d -o.\objects\test_00.o -IC:\Keil_v5\ARM\RV31\INC -IC:\Keil
_v5\ARM\CMSIS\Include --predefine="__EVAL SETA 1" --predefine="__UVISION_VERSIO
N SETA 529" --list=.\listings\test_00.lst test_00.s



ARM Macro Assembler    Page 1 Alphabetic symbol ordering
Relocatable symbols

S 0000000C

Symbol: S
   Definitions
      At line 6 in file test_00.s
   Uses
      At line 6 in file test_00.s
Comment: S used once
test_00 00000000

Symbol: test_00
   Definitions
      At line 1 in file test_00.s
   Uses
      None
Comment: test_00 unused
2 symbols
334 symbols in table
